// Jest Snapshot v1, https://goo.gl/fbAQLP

exports[`<Article /> should matche the snapshot 1`] = `<div />`;
